
> Configure project :app
WARNING: Using flatDir should be avoided because it doesn't support any meta-data formats.

> Configure project :capacitor-cordova-android-plugins
WARNING: Using flatDir should be avoided because it doesn't support any meta-data formats.
WARNING: We recommend using a newer Android Gradle plugin to use compileSdk = 35

This Android Gradle plugin (8.2.1) was tested up to compileSdk = 34.

You are strongly encouraged to update your project to use a newer
Android Gradle plugin that has been tested with compileSdk = 35.

If you are already using the latest version of the Android Gradle plugin,
you may need to wait until a newer version with support for compileSdk = 35 is available.

To suppress this warning, add/update
    android.suppressUnsupportedCompileSdk=35
to this project's gradle.properties.

> Task :app:preBuild UP-TO-DATE
> Task :app:preDebugBuild UP-TO-DATE
> Task :app:mergeDebugNativeDebugMetadata NO-SOURCE
> Task :app:javaPreCompileDebug UP-TO-DATE
> Task :capacitor-android:preBuild UP-TO-DATE
> Task :capacitor-android:preDebugBuild UP-TO-DATE
> Task :capacitor-android:writeDebugAarMetadata UP-TO-DATE
> Task :capacitor-app:preBuild UP-TO-DATE
> Task :capacitor-app:preDebugBuild UP-TO-DATE
> Task :capacitor-app:writeDebugAarMetadata UP-TO-DATE
> Task :capacitor-cordova-android-plugins:preBuild UP-TO-DATE
> Task :capacitor-cordova-android-plugins:preDebugBuild UP-TO-DATE
> Task :capacitor-status-bar:preBuild UP-TO-DATE
> Task :capacitor-status-bar:preDebugBuild UP-TO-DATE
> Task :capacitor-cordova-android-plugins:writeDebugAarMetadata
> Task :capacitor-status-bar:writeDebugAarMetadata UP-TO-DATE
> Task :app:checkDebugAarMetadata UP-TO-DATE
> Task :app:generateDebugResValues UP-TO-DATE
> Task :capacitor-android:generateDebugResValues UP-TO-DATE
> Task :capacitor-android:generateDebugResources UP-TO-DATE
> Task :capacitor-android:packageDebugResources UP-TO-DATE
> Task :capacitor-app:generateDebugResValues UP-TO-DATE
> Task :capacitor-app:generateDebugResources UP-TO-DATE
> Task :capacitor-app:packageDebugResources UP-TO-DATE
> Task :capacitor-cordova-android-plugins:generateDebugResValues
> Task :capacitor-cordova-android-plugins:generateDebugResources
> Task :capacitor-cordova-android-plugins:packageDebugResources
> Task :capacitor-status-bar:generateDebugResValues UP-TO-DATE
> Task :capacitor-status-bar:generateDebugResources UP-TO-DATE
> Task :capacitor-status-bar:packageDebugResources UP-TO-DATE
> Task :app:mapDebugSourceSetPaths
> Task :app:generateDebugResources UP-TO-DATE
> Task :app:packageDebugResources
> Task :app:createDebugCompatibleScreenManifests UP-TO-DATE
> Task :app:extractDeepLinksDebug UP-TO-DATE
> Task :capacitor-android:extractDeepLinksDebug UP-TO-DATE
> Task :capacitor-android:processDebugManifest UP-TO-DATE
> Task :capacitor-app:extractDeepLinksDebug UP-TO-DATE
> Task :capacitor-app:processDebugManifest UP-TO-DATE
> Task :capacitor-cordova-android-plugins:extractDeepLinksDebug
> Task :app:parseDebugLocalResources
> Task :capacitor-status-bar:extractDeepLinksDebug UP-TO-DATE
> Task :capacitor-status-bar:processDebugManifest UP-TO-DATE
> Task :capacitor-android:compileDebugLibraryResources UP-TO-DATE
> Task :capacitor-cordova-android-plugins:processDebugManifest
> Task :capacitor-android:parseDebugLocalResources UP-TO-DATE
> Task :app:mergeDebugResources
> Task :app:processDebugMainManifest
> Task :app:processDebugManifest
> Task :capacitor-android:generateDebugRFile UP-TO-DATE
> Task :capacitor-app:compileDebugLibraryResources UP-TO-DATE
> Task :capacitor-app:parseDebugLocalResources UP-TO-DATE
> Task :capacitor-app:generateDebugRFile UP-TO-DATE
> Task :capacitor-cordova-android-plugins:compileDebugLibraryResources
> Task :capacitor-status-bar:compileDebugLibraryResources UP-TO-DATE
> Task :capacitor-cordova-android-plugins:parseDebugLocalResources
> Task :capacitor-status-bar:parseDebugLocalResources UP-TO-DATE
> Task :capacitor-status-bar:generateDebugRFile UP-TO-DATE
> Task :capacitor-android:javaPreCompileDebug UP-TO-DATE
> Task :capacitor-cordova-android-plugins:generateDebugRFile
> Task :capacitor-android:compileDebugJavaWithJavac UP-TO-DATE
> Task :capacitor-android:bundleLibCompileToJarDebug UP-TO-DATE
> Task :capacitor-app:javaPreCompileDebug UP-TO-DATE
> Task :capacitor-app:compileDebugJavaWithJavac UP-TO-DATE
> Task :capacitor-app:bundleLibCompileToJarDebug UP-TO-DATE
> Task :capacitor-status-bar:javaPreCompileDebug UP-TO-DATE
> Task :capacitor-cordova-android-plugins:javaPreCompileDebug
> Task :capacitor-status-bar:compileDebugJavaWithJavac UP-TO-DATE
> Task :capacitor-cordova-android-plugins:compileDebugJavaWithJavac NO-SOURCE
> Task :capacitor-status-bar:bundleLibCompileToJarDebug UP-TO-DATE
> Task :capacitor-cordova-android-plugins:bundleLibCompileToJarDebug
> Task :app:mergeDebugShaders UP-TO-DATE
> Task :app:compileDebugShaders NO-SOURCE
> Task :app:generateDebugAssets UP-TO-DATE
> Task :capacitor-android:mergeDebugShaders UP-TO-DATE
> Task :capacitor-android:compileDebugShaders NO-SOURCE
> Task :capacitor-android:generateDebugAssets UP-TO-DATE
> Task :capacitor-android:packageDebugAssets UP-TO-DATE
> Task :capacitor-app:mergeDebugShaders UP-TO-DATE
> Task :capacitor-app:compileDebugShaders NO-SOURCE
> Task :capacitor-app:generateDebugAssets UP-TO-DATE
> Task :capacitor-app:packageDebugAssets UP-TO-DATE
> Task :capacitor-cordova-android-plugins:mergeDebugShaders
> Task :capacitor-cordova-android-plugins:compileDebugShaders NO-SOURCE
> Task :capacitor-cordova-android-plugins:generateDebugAssets UP-TO-DATE
> Task :capacitor-cordova-android-plugins:packageDebugAssets
> Task :capacitor-status-bar:mergeDebugShaders UP-TO-DATE
> Task :capacitor-status-bar:compileDebugShaders NO-SOURCE
> Task :capacitor-status-bar:generateDebugAssets UP-TO-DATE
> Task :capacitor-status-bar:packageDebugAssets UP-TO-DATE
> Task :app:mergeDebugAssets
> Task :capacitor-app:bundleLibRuntimeToJarDebug UP-TO-DATE
> Task :capacitor-android:bundleLibRuntimeToJarDebug UP-TO-DATE
> Task :capacitor-status-bar:bundleLibRuntimeToJarDebug UP-TO-DATE
> Task :capacitor-cordova-android-plugins:bundleLibRuntimeToJarDebug
> Task :app:desugarDebugFileDependencies UP-TO-DATE
> Task :app:processDebugJavaRes NO-SOURCE
> Task :capacitor-android:processDebugJavaRes NO-SOURCE
> Task :capacitor-app:processDebugJavaRes NO-SOURCE
> Task :capacitor-cordova-android-plugins:processDebugJavaRes NO-SOURCE
> Task :capacitor-status-bar:processDebugJavaRes NO-SOURCE
> Task :app:compressDebugAssets
> Task :app:mergeDebugJavaResource UP-TO-DATE
> Task :app:checkDebugDuplicateClasses UP-TO-DATE
> Task :app:mergeExtDexDebug UP-TO-DATE
> Task :app:mergeLibDexDebug UP-TO-DATE
> Task :app:mergeDebugJniLibFolders UP-TO-DATE
> Task :capacitor-android:mergeDebugJniLibFolders UP-TO-DATE
> Task :capacitor-android:mergeDebugNativeLibs NO-SOURCE
> Task :capacitor-android:copyDebugJniLibsProjectOnly UP-TO-DATE
> Task :capacitor-app:mergeDebugJniLibFolders UP-TO-DATE
> Task :capacitor-app:mergeDebugNativeLibs NO-SOURCE
> Task :capacitor-app:copyDebugJniLibsProjectOnly UP-TO-DATE
> Task :capacitor-cordova-android-plugins:mergeDebugJniLibFolders
> Task :capacitor-cordova-android-plugins:mergeDebugNativeLibs NO-SOURCE
> Task :capacitor-cordova-android-plugins:copyDebugJniLibsProjectOnly
> Task :app:processDebugManifestForPackage
> Task :capacitor-status-bar:mergeDebugJniLibFolders UP-TO-DATE
> Task :capacitor-status-bar:mergeDebugNativeLibs NO-SOURCE
> Task :capacitor-status-bar:copyDebugJniLibsProjectOnly UP-TO-DATE
> Task :app:mergeDebugNativeLibs NO-SOURCE
> Task :app:stripDebugDebugSymbols NO-SOURCE
> Task :app:validateSigningDebug UP-TO-DATE
> Task :app:writeDebugAppMetadata UP-TO-DATE
> Task :app:writeDebugSigningConfigVersions UP-TO-DATE
> Task :capacitor-android:stripDebugDebugSymbols NO-SOURCE
> Task :capacitor-android:copyDebugJniLibsProjectAndLocalJars UP-TO-DATE
> Task :capacitor-android:extractDebugAnnotations UP-TO-DATE
> Task :capacitor-android:extractDeepLinksForAarDebug UP-TO-DATE
> Task :capacitor-android:mergeDebugGeneratedProguardFiles UP-TO-DATE
> Task :capacitor-android:mergeDebugConsumerProguardFiles UP-TO-DATE
> Task :capacitor-android:prepareDebugArtProfile UP-TO-DATE
> Task :capacitor-android:prepareLintJarForPublish UP-TO-DATE
> Task :capacitor-android:mergeDebugJavaResource UP-TO-DATE
> Task :capacitor-android:syncDebugLibJars UP-TO-DATE
> Task :capacitor-android:bundleDebugAar UP-TO-DATE
> Task :capacitor-android:assembleDebug UP-TO-DATE
> Task :capacitor-app:stripDebugDebugSymbols NO-SOURCE
> Task :capacitor-app:copyDebugJniLibsProjectAndLocalJars UP-TO-DATE
> Task :capacitor-app:extractDebugAnnotations UP-TO-DATE
> Task :capacitor-app:extractDeepLinksForAarDebug UP-TO-DATE
> Task :capacitor-app:mergeDebugGeneratedProguardFiles UP-TO-DATE
> Task :capacitor-app:mergeDebugConsumerProguardFiles UP-TO-DATE
> Task :capacitor-app:prepareDebugArtProfile UP-TO-DATE
> Task :capacitor-app:prepareLintJarForPublish UP-TO-DATE
> Task :capacitor-app:mergeDebugJavaResource UP-TO-DATE
> Task :capacitor-app:syncDebugLibJars UP-TO-DATE
> Task :capacitor-app:bundleDebugAar UP-TO-DATE
> Task :capacitor-app:assembleDebug UP-TO-DATE
> Task :capacitor-cordova-android-plugins:stripDebugDebugSymbols NO-SOURCE
> Task :capacitor-cordova-android-plugins:copyDebugJniLibsProjectAndLocalJars
> Task :capacitor-cordova-android-plugins:extractDebugAnnotations
> Task :capacitor-cordova-android-plugins:extractDeepLinksForAarDebug UP-TO-DATE
> Task :capacitor-cordova-android-plugins:mergeDebugGeneratedProguardFiles UP-TO-DATE
> Task :capacitor-cordova-android-plugins:mergeDebugConsumerProguardFiles UP-TO-DATE
> Task :capacitor-cordova-android-plugins:prepareDebugArtProfile UP-TO-DATE
> Task :capacitor-cordova-android-plugins:prepareLintJarForPublish UP-TO-DATE
> Task :capacitor-status-bar:stripDebugDebugSymbols NO-SOURCE
> Task :capacitor-status-bar:copyDebugJniLibsProjectAndLocalJars UP-TO-DATE
> Task :capacitor-cordova-android-plugins:mergeDebugJavaResource
> Task :capacitor-status-bar:extractDebugAnnotations UP-TO-DATE
> Task :capacitor-cordova-android-plugins:syncDebugLibJars
> Task :capacitor-cordova-android-plugins:bundleDebugAar
> Task :capacitor-cordova-android-plugins:assembleDebug
> Task :capacitor-status-bar:extractDeepLinksForAarDebug UP-TO-DATE
> Task :capacitor-status-bar:mergeDebugGeneratedProguardFiles UP-TO-DATE
> Task :capacitor-status-bar:mergeDebugConsumerProguardFiles UP-TO-DATE
> Task :capacitor-status-bar:prepareDebugArtProfile UP-TO-DATE
> Task :capacitor-status-bar:prepareLintJarForPublish UP-TO-DATE
> Task :capacitor-status-bar:mergeDebugJavaResource UP-TO-DATE
> Task :capacitor-status-bar:syncDebugLibJars UP-TO-DATE
> Task :capacitor-status-bar:bundleDebugAar UP-TO-DATE
> Task :capacitor-status-bar:assembleDebug UP-TO-DATE
> Task :app:processDebugResources

> Task :app:compileDebugJavaWithJavac FAILED
D:\vscode\wave\frontend\android\app\src\main\java\com\wave\app\MainActivity.java:18: error: onPause() in MainActivity cannot override onPause() in BridgeActivity
    protected void onPause() {
                   ^
  attempting to assign weaker access privileges; was public
D:\vscode\wave\frontend\android\app\src\main\java\com\wave\app\MainActivity.java:32: error: onResume() in MainActivity cannot override onResume() in BridgeActivity
    protected void onResume() {
                   ^
  attempting to assign weaker access privileges; was public
2 errors

FAILURE: Build failed with an exception.

* What went wrong:
Execution failed for task ':app:compileDebugJavaWithJavac'.
> Compilation failed; see the compiler error output for details.

* Try:
> Run with --info option to get more log output.
> Run with --scan to get full insights.

Deprecated Gradle features were used in this build, making it incompatible with Gradle 9.0.

You can use '--warning-mode all' to show the individual deprecation warnings and determine if they come from your own scripts or plugins.

For more on this, please refer to https://docs.gradle.org/8.9/userguide/command_line_interface.html#sec:command_line_warnings in the Gradle documentation.

BUILD FAILED in 2s
129 actionable tasks: 31 executed, 98 up-to-date
